../Core/Src/stm32f1xx_it.c:72:6:NMI_Handler	4	static
../Core/Src/stm32f1xx_it.c:87:6:HardFault_Handler	4	static
../Core/Src/stm32f1xx_it.c:102:6:MemManage_Handler	4	static
../Core/Src/stm32f1xx_it.c:117:6:BusFault_Handler	4	static
../Core/Src/stm32f1xx_it.c:132:6:UsageFault_Handler	4	static
../Core/Src/stm32f1xx_it.c:147:6:SVC_Handler	4	static
../Core/Src/stm32f1xx_it.c:160:6:DebugMon_Handler	4	static
../Core/Src/stm32f1xx_it.c:173:6:PendSV_Handler	4	static
../Core/Src/stm32f1xx_it.c:186:6:SysTick_Handler	8	static
../Core/Src/stm32f1xx_it.c:207:6:EXTI0_IRQHandler	8	static
../Core/Src/stm32f1xx_it.c:221:6:EXTI9_5_IRQHandler	8	static
../Core/Src/stm32f1xx_it.c:235:6:EXTI15_10_IRQHandler	8	static
../Core/Src/stm32f1xx_it.c:248:6:blink_LED0	16	static
../Core/Src/stm32f1xx_it.c:256:6:blink_LED1	16	static
../Core/Src/stm32f1xx_it.c:264:6:blink_LED01	16	static
../Core/Src/stm32f1xx_it.c:309:6:decodeHuffman	24	static
../Core/Src/stm32f1xx_it.c:317:7:encodeHuffman	24	static
../Core/Src/stm32f1xx_it.c:344:6:write_to_cipher	32	static
../Core/Src/stm32f1xx_it.c:356:6:write_to_plaintext	32	static
../Core/Src/stm32f1xx_it.c:373:6:init_mode	24	static
../Core/Src/stm32f1xx_it.c:386:6:HAL_GPIO_EXTI_Callback	72	static
