../Core/Src/main.c:63:6:Load_Drow_Dialog	16	static
../Core/Src/main.c:76:6:gui_draw_hline	32	static
../Core/Src/main.c:85:6:gui_fill_circle	40	static
../Core/Src/main.c:111:5:my_abs	16	static
../Core/Src/main.c:121:6:screen_print	16	static
../Core/Src/main.c:133:6:screen_norm_print	16	static
../Core/Src/main.c:144:6:change_state	8	static
../Core/Src/main.c:154:6:lcd_draw_bline	64	static
../Core/Src/main.c:193:6:rtp_test	16	static
../Core/Src/main.c:236:6:ctp_test	48	static
../Core/Src/main.c:316:5:main	16	static
../Core/Src/main.c:387:6:SystemClock_Config	72	static
../Core/Src/main.c:427:13:MX_SPI1_Init	8	static
../Core/Src/main.c:465:13:MX_TIM3_Init	32	static
../Core/Src/main.c:510:13:MX_USART1_UART_Init	8	static
../Core/Src/main.c:543:13:MX_GPIO_Init	16	static
../Core/Src/main.c:557:5:picture_verify	64	static
../Core/Src/main.c:620:5:compare_elements	16	static
../Core/Src/main.c:624:5:letter_verify	128	static
../Core/Src/main.c:769:6:Error_Handler	4	static,ignoring_inline_asm
