../Core/Src/stm32f1xx_it.c:68:6:NMI_Handler	4	static
../Core/Src/stm32f1xx_it.c:83:6:HardFault_Handler	4	static
../Core/Src/stm32f1xx_it.c:98:6:MemManage_Handler	4	static
../Core/Src/stm32f1xx_it.c:113:6:BusFault_Handler	4	static
../Core/Src/stm32f1xx_it.c:128:6:UsageFault_Handler	4	static
../Core/Src/stm32f1xx_it.c:143:6:SVC_Handler	4	static
../Core/Src/stm32f1xx_it.c:156:6:DebugMon_Handler	4	static
../Core/Src/stm32f1xx_it.c:169:6:PendSV_Handler	4	static
../Core/Src/stm32f1xx_it.c:182:6:SysTick_Handler	8	static
../Core/Src/stm32f1xx_it.c:203:6:EXTI0_IRQHandler	8	static
../Core/Src/stm32f1xx_it.c:217:6:EXTI9_5_IRQHandler	8	static
../Core/Src/stm32f1xx_it.c:231:6:EXTI15_10_IRQHandler	8	static
../Core/Src/stm32f1xx_it.c:243:6:blink_LED1	16	static
../Core/Src/stm32f1xx_it.c:251:6:HAL_GPIO_EXTI_Callback	16	static
